---
source: crates/ruff_linter/src/rules/flake8_pytest_style/mod.rs
---
PT017 Found assertion on exception `e` in `except` block, use `pytest.raises()` instead
  --> PT017.py:19:9
   |
17 |         something()
18 |     except Exception as e:
19 |         assert e.message, "blah blah"
   |         ^^^^^^^^^^^^^^^^^^^^^^^^^^^^^

PT017 Found assertion on exception `e` in `except` block, use `pytest.raises()` instead
  --> PT017.py:28:9
   |
26 |         something()
27 |     except ZeroDivisionError as e:
28 |         assert len(e.args) == 1, e.args
   |         ^^^^^^^^^^^^^^^^^^^^^^^^^^^^^^^
